[15:56:00][review] Started (pid=scripts/review_worker.py)
[15:56:00][review] Redis connected
[15:56:00][review] [e4702df34e1e_1] Commit review: S1 notification_service
[15:56:09][review] [e4702df34e1e_1] OK (1/1)
[15:56:09][review] [39ec27baa134_1] Commit review: S1 notification_service
[15:56:36][review] [39ec27baa134_1] OK (2/2)
[15:56:36][review] [39ec27baa134_story] Story review: notification_service
[15:58:01][review] [39ec27baa134_story] OK (3/3)
[15:58:01][review] [867cfff06137_1] Commit review: S1 notification_service
[15:58:51][review] [867cfff06137_1] OK (4/4)
[15:58:51][review] [9348ce0a2566_1] Commit review: S1 notification_service
[15:59:02][review] [9348ce0a2566_1] OK (5/5)
[15:59:02][review] [9348ce0a2566_2] Commit review: S2 notification_service
[15:59:19][review] [9348ce0a2566_2] OK (6/6)
[15:59:19][review] [9348ce0a2566_4] Commit review: S4 notification_service
[15:59:59][review] [9348ce0a2566_4] OK (7/7)
[15:59:59][review] [00bcc5df94fd_2] Commit review: S2 notification_service
[16:00:22][review] [00bcc5df94fd_2] OK (8/8)
[16:00:22][review] [00bcc5df94fd_5] Commit review: S5 notification_service
[16:00:48][review] [00bcc5df94fd_5] OK (9/9)
[16:00:48][review] [53f1d86ed146_2] Commit review: S2 notification_service
[16:01:39][review] [53f1d86ed146_2] OK (10/10)
[16:01:39][review] [a0e5a01351ef_2] Commit review: S2 notification_service
[16:01:58][review] [a0e5a01351ef_2] OK (11/11)
[16:01:58][review] [a0e5a01351ef_4] Commit review: S4 notification_service
[16:02:10][review] [a0e5a01351ef_4] OK (12/12)
[16:02:10][review] [a0e5a01351ef_5] Commit review: S5 notification_service
[16:02:54][review] [a0e5a01351ef_5] OK (13/13)
[16:02:54][review] [ffcde83c22ae_1] Commit review: S1 static_site_gen
[16:03:04][review] [ffcde83c22ae_1] OK (14/14)
[16:03:04][review] [ffcde83c22ae_3] Commit review: S3 static_site_gen
[16:03:33][review] [ffcde83c22ae_3] OK (15/15)
[16:04:03][review] Queue empty. Exiting.
[16:04:03][review] Done: 15 ok, 0 failed, 15 total
