[15:56:00][review] Started (pid=scripts/review_worker.py)
[15:56:00][review] Redis connected
[15:56:00][review] [e4702df34e1e_3] Commit review: S3 notification_service
[15:56:13][review] [e4702df34e1e_3] OK (1/1)
[15:56:13][review] [39ec27baa134_3] Commit review: S3 notification_service
[15:56:33][review] [39ec27baa134_3] OK (2/2)
[15:56:33][review] [39ec27baa134_5] Commit review: S5 notification_service
[15:57:53][review] [39ec27baa134_5] OK (3/3)
[15:57:53][review] [4a6536132fb7_story] Story review: notification_service
[15:59:10][review] [4a6536132fb7_story] OK (4/4)
[15:59:10][review] [9348ce0a2566_3] Commit review: S3 notification_service
[15:59:50][review] [9348ce0a2566_3] OK (5/5)
[15:59:50][review] [00bcc5df94fd_1] Commit review: S1 notification_service
[16:00:02][review] [00bcc5df94fd_1] OK (6/6)
[16:00:02][review] [00bcc5df94fd_3] Commit review: S3 notification_service
[16:00:17][review] [00bcc5df94fd_3] OK (7/7)
[16:00:17][review] [00bcc5df94fd_4] Commit review: S4 notification_service
[16:00:28][review] [00bcc5df94fd_4] OK (8/8)
[16:00:28][review] [53f1d86ed146_1] Commit review: S1 notification_service
[16:00:55][review] [53f1d86ed146_1] OK (9/9)
[16:00:55][review] [53f1d86ed146_3] Commit review: S3 notification_service
[16:01:08][review] [53f1d86ed146_3] OK (10/10)
[16:01:08][review] [53f1d86ed146_4] Commit review: S4 notification_service
[16:01:35][review] [53f1d86ed146_4] OK (11/11)
[16:01:35][review] [53f1d86ed146_story] Story review: notification_service
[16:02:37][review] [53f1d86ed146_story] OK (12/12)
[16:02:37][review] [3b55ef98f7c9_3] Commit review: S3 static_site_gen
[16:03:00][review] [3b55ef98f7c9_3] OK (13/13)
[16:03:00][review] [ffcde83c22ae_2] Commit review: S2 static_site_gen
[16:03:09][review] [ffcde83c22ae_2] OK (14/14)
[16:03:09][review] [ffcde83c22ae_story] Story review: static_site_gen
[16:04:58][review] [ffcde83c22ae_story] OK (15/15)
[16:05:28][review] Queue empty. Exiting.
[16:05:28][review] Done: 15 ok, 0 failed, 15 total
