[15:56:00][review] Started (pid=scripts/review_worker.py)
[15:56:00][review] Redis connected
[15:56:00][review] [e4702df34e1e_2] Commit review: S2 notification_service
[15:56:11][review] [e4702df34e1e_2] OK (1/1)
[15:56:11][review] [39ec27baa134_2] Commit review: S2 notification_service
[15:56:33][review] [39ec27baa134_2] OK (2/2)
[15:56:33][review] [39ec27baa134_4] Commit review: S4 notification_service
[15:56:44][review] [39ec27baa134_4] OK (3/3)
[15:56:44][review] [4a6536132fb7_1] Commit review: S1 notification_service
[15:57:01][review] [4a6536132fb7_1] OK (4/4)
[15:57:01][review] [4a6536132fb7_2] Commit review: S2 notification_service
[15:57:21][review] [4a6536132fb7_2] OK (5/5)
[15:57:21][review] [4a6536132fb7_3] Commit review: S3 notification_service
[15:57:46][review] [4a6536132fb7_3] OK (6/6)
[15:57:46][review] [4a6536132fb7_4] Commit review: S4 notification_service
[15:58:03][review] [4a6536132fb7_4] OK (7/7)
[15:58:03][review] [867cfff06137_2] Commit review: S2 notification_service
[15:59:24][review] [867cfff06137_2] OK (8/8)
[15:59:24][review] [9348ce0a2566_5] Commit review: S5 notification_service
[15:59:48][review] [9348ce0a2566_5] OK (9/9)
[15:59:48][review] [9348ce0a2566_story] Story review: notification_service
[16:01:23][review] [9348ce0a2566_story] OK (10/10)
[16:01:23][review] [53f1d86ed146_5] Commit review: S5 notification_service
[16:02:15][review] [53f1d86ed146_5] OK (11/11)
[16:02:15][review] [3b55ef98f7c9_1] Commit review: S1 static_site_gen
[16:02:28][review] [3b55ef98f7c9_1] OK (12/12)
[16:02:28][review] [3b55ef98f7c9_2] Commit review: S2 static_site_gen
[16:02:41][review] [3b55ef98f7c9_2] OK (13/13)
[16:02:41][review] [3b55ef98f7c9_3] Commit review: S3 static_site_gen
[16:02:49][review] [3b55ef98f7c9_3] OK (14/14)
[16:02:49][review] [3b55ef98f7c9_story] Story review: static_site_gen
[16:05:46][review] [3b55ef98f7c9_story] OK (15/15)
[16:06:16][review] Queue empty. Exiting.
[16:06:16][review] Done: 15 ok, 0 failed, 15 total
