[15:56:00][review] Started (pid=scripts/review_worker.py)
[15:56:00][review] Redis connected
[15:56:00][review] [e4702df34e1e_3] Commit review: S3 notification_service
[15:56:00][review] [e4702df34e1e_3] OK (1/1)
[15:56:00][review] [e4702df34e1e_3] Commit review: S3 notification_service
[15:56:00][review] [e4702df34e1e_3] OK (2/2)
[15:56:00][review] [e4702df34e1e_story] Story review: notification_service
[15:57:52][review] [e4702df34e1e_story] OK (3/3)
[15:57:52][review] [4a6536132fb7_5] Commit review: S5 notification_service
[15:58:04][review] [4a6536132fb7_5] OK (4/4)
[15:58:04][review] [867cfff06137_3] Commit review: S3 notification_service
[15:58:16][review] [867cfff06137_3] OK (5/5)
[15:58:16][review] [867cfff06137_4] Commit review: S4 notification_service
[15:58:30][review] [867cfff06137_4] OK (6/6)
[15:58:30][review] [867cfff06137_5] Commit review: S5 notification_service
[15:58:50][review] [867cfff06137_5] OK (7/7)
[15:58:50][review] [867cfff06137_story] Story review: notification_service
[16:00:25][review] [867cfff06137_story] OK (8/8)
[16:00:25][review] [00bcc5df94fd_story] Story review: notification_service
[16:01:38][review] [00bcc5df94fd_story] OK (9/9)
[16:01:38][review] [a0e5a01351ef_1] Commit review: S1 notification_service
[16:01:57][review] [a0e5a01351ef_1] OK (10/10)
[16:01:57][review] [a0e5a01351ef_3] Commit review: S3 notification_service
[16:02:12][review] [a0e5a01351ef_3] OK (11/11)
[16:02:12][review] [a0e5a01351ef_story] Story review: notification_service
[16:03:24][review] [a0e5a01351ef_story] OK (12/12)
[16:03:54][review] Queue empty. Exiting.
[16:03:54][review] Done: 12 ok, 0 failed, 12 total
